// Jest Snapshot v1, https://goo.gl/fbAQLP

exports[`Button console log when clicked 1`] = `
<button
  className="NumPad-keypad-button sc-bdVaJa gHittV"
  onClick={[Function]}
>
  Ciao
</button>
`;

exports[`Button console log when clicked 2`] = `
<button
  className="NumPad-keypad-button sc-bdVaJa gHittV"
  onClick={[Function]}
>
  Ciao
</button>
`;
